root@eltex-practice2-pg1-v9:~# git config --global user.name "Taterator" 
root@eltex-practice2-pg1-v9:~# git config --global user.email "filato-roma@yandex.ru"
root@eltex-practice2-pg1-v9:~# git config --global init.defaultBranch main

root@eltex-practice2-pg1-v9:~# apt update
root@eltex-practice2-pg1-v9:~# apt install git gh

root@eltex-practice2-pg1-v9:~# ssh-keygen -t ed25519 -f ~/.ssh/Taterator 
Generating public/private 
ed25519 key pair. Enter passphrase (empty for no passphrase): Enter same passphrase again: Your 
identification has been saved in /root/.ssh/Taterator Your public key has been saved in 
/root/.ssh/Taterator.pub The key fingerprint is: SHA256:nw1Z2VOxwnDkVlzzHtByVbQJHXZ1QwCRwq6O1mrzprw 
root@eltex-practice2-pg1-v9 The key's randomart image is: +--[ED25519 256]--+
|        .  +=**X^| o .=+=*X| . . o===.| . o. .o.| S o .| . . + | + o .  | .= + | oEB.  |
+----[SHA256]-----+

root@eltex-practice2-pg1-v9:~# gh auth login ? What account do you want to log into? GitHub.com ? 
What is your preferred protocol for Git operations on this host? SSH ? Upload your SSH public key to 
your GitHub account? /root/.ssh/Taterator.pub ? Title for your SSH key: eltex-practice2-pg1-v9 ? How 
would you like to authenticate GitHub CLI? Login with a web browser
! First copy your one-time code: B528-5475
Press Enter to open github.com in your browser...
! Failed opening a web browser at https://github.com/login/device
  exec: "xdg-open,x-www-browser,www-browser,wslview": executable file not found in $PATH Please try 
  entering the URL in your browser manually
 Authentication complete. - gh config set -h github.com git_protocol ssh ✓ Configured git protocol
! Authentication credentials saved in plain text
✓ Uploaded the SSH key to your GitHub account: /root/.ssh/Taterator.pub ✓ Logged in as Taterator
root@eltex-practice2-pg1-v9:~# 

root@eltex-practice2-pg1-v9:~# gh auth setup-git --hostname github.com 
root@eltex-practice2-pg1-v9:~# gh auth status github.com
  ✓ Logged in to github.com account Taterator (/root/.config/gh/hosts.yml) - Active account: true - 
  Git operations protocol: ssh - Token: gho_************************************
  - Token scopes: 'admin:public_key', 'gist', 'read:org', 'repo'

root@eltex-practice2-pg1-v9:~# gh repo create --public eltex ✓ Created repository Taterator/eltex on 
GitHub 
root@eltex-practice2-pg1-v9:~# mkdir ~/eltex && cd ~/eltex
root@eltex-practice2-pg1-v9:~/eltex# echo "# Tasks for Eltex repo" >> README.md 
root@eltex-practice2-pg1-v9:~/eltex# git init Initialized empty Git repository in 
/root/eltex/.git/ 
root@eltex-practice2-pg1-v9:~/eltex# git add README.md 
root@eltex-practice2-pg1-v9:~/eltex# git commit -m "first commit" [main (root-commit) 2f30d28] 
first commit
  https://github.com/Taterator/eltex 1 file changed, 1 insertion(+) create mode 100644 README.md 
root@eltex-practice2-pg1-v9:~/eltex# git branch -M main 
root@eltex-practice2-pg1-v9:~/eltex# git remote add origin 
https://github.com/Taterator/eltex.git 
root@eltex-practice2-pg1-v9:~/eltex# git status 
On branch main nothing to commit, working tree clean 
root@eltex-practice2-pg1-v9:~/eltex# git push -u 
origin main Enumerating objects: 3, done. Counting objects: 100% (3/3), done. Writing objects: 100% 
(3/3), 226 bytes | 226.00 KiB/s, done. Total 3 (delta 0), reused 0 (delta 0), pack-reused 0 To 
github.com:Taterator/eltex.git
 * [new branch] main -> main
branch 'main' set up to track 'origin/main'.

root@eltex-practice2-pg1-v9:~/eltex# mkdir -p module2/task1 
root@eltex-practice2-pg1-v9:~/eltex# mkdir module2/task2
root@eltex-practice2-pg1-v9:~/eltex# mkdir module2/task3

First module is not ready, so I'm copying the second.

root@eltex-practice2-pg1-v9:~/eltex# cp ../practice2_eltex-pg1-v9_part1.log 
./module2/task1/practice2_eltex-pg1-v9_part1.log 
root@eltex-practice2-pg1-v9:~/eltex# cp 
../practice2_eltex-pg1-v9_part2.log ./module2/task2/practice2_eltex-pg1-v9_part2.log

root@eltex-practice2-pg1-v9:~/eltex# git add module2/ root@eltex-practice2-pg1-v9:~/eltex# git status 
On branch main Your branch is up to date with 'origin/main'. Changes to be committed:
  (use "git restore --staged <file>..." to unstage) new file: 
        module2/task1/practice2_eltex-pg1-v9_part1.log new file: 
        module2/task2/practice2_eltex-pg1-v9_part2.log
root@eltex-practice2-pg1-v9:~/eltex# git commit -m "module 2 part 1 and 2" [main e6c2ffc] module 2 
part 1 and 2
 2 files changed, 1845 insertions(+) create mode 100644 
 module2/task1/practice2_eltex-pg1-v9_part1.log create mode 100644 
 module2/task2/practice2_eltex-pg1-v9_part2.log
root@eltex-practice2-pg1-v9:~/eltex# git push Enumerating objects: 8, done. Counting objects: 100% 
(8/8), done. Delta compression using up to 2 threads Compressing objects: 100% (7/7), done. Writing 
objects: 100% (7/7), 25.85 KiB | 12.92 MiB/s, done. Total 7 (delta 0), reused 0 (delta 0), 
pack-reused 0 To github.com:Taterator/eltex.git
   69cd99a..e6c2ffc  main -> main

root@eltex-practice2-pg1-v9:~/eltex_clone# git clone https://github.com/Taterator/eltex.git . 
Cloning into '.'... remote: Enumerating objects: 10, done. remote: Counting objects: 100% (10/10), done. 
remote: Compressing objects: 100% (8/8), done. remote: Total 10 (delta 0), reused 10 (delta 0), 
pack-reused 0 (from 0)
Receiving objects: 100% (10/10), 26.04 KiB | 317.00 KiB/s, done.

root@eltex-practice2-pg1-v9:~/eltex# touch file_for_part3.txt 
root@eltex-practice2-pg1-v9:~/eltex# git status 
On branch main Your branch is up to date with 'origin/main'. Untracked files:
  (use "git add <file>..." to include in what will be committed) file_for_part3.txt nothing added to 
commit but untracked files present (use "git add" to track) 
root@eltex-practice2-pg1-v9:~/eltex# git add file_for_part3.txt 
root@eltex-practice2-pg1-v9:~/eltex# git commit -m "file for p3n11" [main 
b68b821] file for p3n11
 1 file changed, 0 insertions(+), 0 deletions(-) create mode 100644 file_for_part3.txt 
root@eltex-practice2-pg1-v9:~/eltex# git push Enumerating objects: 4, done. Counting objects: 100% 
(4/4), done. Delta compression using up to 2 threads Compressing objects: 100% (2/2), done. Writing 
objects: 100% (3/3), 320 bytes | 320.00 KiB/s, done. Total 3 (delta 0), reused 0 (delta 0), 
pack-reused 0 To github.com:Taterator/eltex.git
   e6c2ffc..b68b821  main -> main

root@eltex-practice2-pg1-v9:~/eltex_clone# git fetch 
remote: Enumerating objects: 4, done. remote: 
Counting objects: 100% (4/4), done. remote: Compressing objects: 100% (2/2), done. remote: Total 3 
(delta 0), reused 3 (delta 0), pack-reused 0 (from 0) Unpacking objects: 100% (3/3), 300 bytes | 
300.00 KiB/s, done. From https://github.com/Taterator/eltex
   e6c2ffc..b68b821 main -> origin/main 
root@eltex-practice2-pg1-v9:~/eltex_clone# git log 
origin/main commit b68b821dcaf97deeca901ea472b9e5fc682d64ac (origin/main, origin/HEAD) Author: 
Taterator <filato-roma@yandex.ru> Date: Thu Jul 17 06:08:28 2025 +0000
    file for p3n11 commit e6c2ffc10b6d36b7c6124cb37f78fe7c1d25b038 (HEAD -> main) Author: Taterator 
<filato-roma@yandex.ru> Date: Thu Jul 17 06:04:26 2025 +0000
    module 2 part 1 and 2 commit 69cd99af8229ef591443ffde880326928168d96f Author: Taterator 
<filato-roma@yandex.ru> Date: Wed Jul 16 16:13:34 2025 +0000
    first commit

root@eltex-practice2-pg1-v9:~/eltex_clone# git diff origin/main 
diff --git a/file_for_part3.txt 
b/file_for_part3.txt deleted file mode 100644
index e69de29..0000000

root@eltex-practice2-pg1-v9:~/eltex_clone# git merge 
Updating e6c2ffc..b68b821 Fast-forward 
 file_for_part3.txt | 0 1 file changed, 0 insertions(+), 0 deletions(-)
 create mode 100644 file_for_part3.txt

